{smcl}
{com}{sf}{ul off}{txt}{.-}
      name:  {res}<unnamed>
       {txt}log:  {res}/Users/farshadpourmalek/Downloads/covir2-main/20210522/code/CSIM/log Iran CSIM.smcl
  {txt}log type:  {res}smcl
 {txt}opened on:  {res}28 May 2021, 09:03:13
{txt}
{com}. 
. ***************************************************************************
. * This is "do Iran CSIM.do"
. 
. * Project: COVID-19 Iran Review No 2
. * Person: Farshad Pourmalek pourmalek_farshad@yahoo.com
. * Time (initial): 2021-02-10
. 
. * OBJECTIVE: Get and prepare CSIM (COVID SIMULATION, Imperial College) data for Iran
. ***************************************************************************
. 
. *** This do file to be executed after running "do Iran master.do"
. 
. 
. * Get CSIM data for Iran
. 
. import delimited using "ir_g169169_c4879.csv", clear varnames(6)
{res}{text}(13 vars, 1,088 obs)

{com}. 
. /*
> 
> First three rows of the csv file:
> 
> Model parameters used                   
> 
> country #general beds   #critical beds
> Iran    169169                  4879
> 
> 
> %vaccine efficacy (against infection & mild illness)
> 90
> 
> 
> %vaccine efficacy (against hospitalisation & death)
> 96
> 
> 
> vaccine durability (days)
> 1095
> 
> 
> introduction date
> 2021-05-27
>                                                                         
> 
> %vaccine courses available (% of population)
> 20
> 
> 
> #fully vaccinated/week
> 2100000
> 
> 
> prioritisation & allocation
> HCW and Elderly
> 
> 
> Vaccine uptake (% of group targeted)
> 80
> 
> 
> phase start #1
> 2021-05-27
> 
> 
> phase end #1
> 2021-11-27
> 
> 
> Rt #1
> 1.527
> 
> 
> phase start #2
> 2021-11-28
> 
> 
> phase end #2
> 2023-01-01
> 
> 
> Rt #2
> 2.4
> 
> */
. 
. gen loc_grand_name = "Iran"
{txt}
{com}. 
. 
. * gen date
. 
. rename date date_original
{res}{txt}
{com}. 
. gen year = substr(date_original,1,4) 
{txt}
{com}. gen month = substr(date_original,6,2) 
{txt}
{com}. gen day = substr(date_original,9,2) 
{txt}
{com}. egen date2 = concat(day month year)
{txt}
{com}. gen date = date(date2, "DMY", 2050)
{txt}
{com}. format date %tdDDMonCCYY
{txt}
{com}. codebook date

{txt}{hline}
{res}date{right:(unlabeled)}
{txt}{hline}

{col 19}type:  numeric daily date ({res}float{txt})

{col 18}range:  [{res}21923{txt},{res}23010{txt}]{col 55}units:  {res}1
{col 8}{txt}or equivalently:  [{res}09jan2020{txt},{res}31dec2022{txt}]{col 55}units:  {res}days
{col 10}{txt}unique values:  {res}1,088{col 51}{txt}missing .:  {res}0{txt}/{res}1,088

{txt}{col 19}mean:{res}{col 26} 22466.5{txt} = {res}05jul2021{txt} (+ 12 hours)
{col 15}std. dev:{res}{col 26} 314.223

{txt}{col 12}percentiles:{col 32}10%{col 42}25%{col 52}50%{col 62}75%{col 72}90%
{res}{col 27}   22031{col 37} 22194.5{col 47} 22466.5{col 57} 22738.5{col 67}   22902
{col 26}26apr2020{col 36}06oct2020{col 46}05jul2021{col 56}03apr2022{col 66}14sep2022
{txt}
{com}. 
. drop year month day date2
{txt}
{com}. 
. 
. * rename outcome variables
. 
. * R: Rt(t), Ref(f)
. 
. rename rt DayRttMeRaA16S00 
{res}{txt}
{com}. label var DayRttMeRaA16S00 "Daily Rt A16 S0"
{txt}
{com}. 
. rename reff DayRefMeRaA16S00 
{res}{txt}
{com}. label var DayRefMeRaA16S00 "Daily Reff A16 S0"
{txt}
{com}. 
. 
. * deaths: REPORTED (DeZ), estimated (Dea), COUNTERFACTUAL (DeY), AVERTED (Dex)
. 
. rename reporteddeaths DayDeZMeRaA16S00 
{res}{txt}
{com}. label var DayDeZMeRaA16S00 "Daily deaths REPORTED A16 S0"
{txt}
{com}. 
. rename deaths DayDeaMeRaA16S00 
{res}{txt}
{com}. label var DayDeaMeRaA16S00 "Daily deaths estimated A16 S0"
{txt}
{com}. 
. rename deathsconterfactual DayDeYMeRaA16S00 
{res}{txt}
{com}. label var DayDeYMeRaA16S00 "Daily deaths COUNTERFACTUAL A16 S0"
{txt}
{com}. 
. rename deathsaverted DayDexMeRaA16S00 
{res}{txt}
{com}. label var DayDexMeRaA16S00 "Daily deaths AVERTED A16 S0"
{txt}
{com}. 
. 
. * cases: estimated (Cas), COUNTERFACTUAL (CaY), AVERTED (Cax)
. 
. rename infections DayCasMeRaA16S00 
{res}{txt}
{com}. label var DayCasMeRaA16S00 "Daily cases estimated A16 S0"
{txt}
{com}. 
. rename infectionscounterfactual DayCaYMeRaA16S00 
{res}{txt}
{com}. label var DayCaYMeRaA16S00 "Daily cases COUNTERFACTUAL A16 S0"
{txt}
{com}. 
. rename infectionsaverted DayCaxMeRaA16S00 
{res}{txt}
{com}. label var DayCaxMeRaA16S00 "Daily cases AVERTED A16 S0"
{txt}
{com}. 
. 
. * hospital: hospitalisations (Hos), critical care (Ici)
. 
. rename hospitalisations DayHosMeRaA16S00 
{res}{txt}
{com}. label var DayHosMeRaA16S00 "Daily hospitalisations A16 S0"
{txt}
{com}. 
. rename criticalcare DayIciMeRaA16S00 
{res}{txt}
{com}. label var DayIciMeRaA16S00 "Daily critical care A16 S0"
{txt}
{com}. 
. 
. * vaccine: fully vaccinated persons (Vax)
. 
. rename fullyvaccinatedpersonscumulative TotVaxMeRaA16S00 
{res}{txt}
{com}. label var TotVaxMeRaA16S00 "Total fully vaccinated persons cumulative A16 S0"
{txt}
{com}. 
. 
. 
. * gen total vars and rename
. 
. sort date
{txt}
{com}. 
. bysort loc_grand_name (date):  generate TotCasMeRaA16S00 = sum(DayCasMeRaA16S00) 
{txt}
{com}. format TotCasMeRaA16S00 %15.0f
{txt}
{com}. replace TotCasMeRaA16S00 = . if DayCasMeRaA16S00 == .
{txt}(0 real changes made)

{com}. 
. 
. bysort loc_grand_name (date):  generate TotCaYMeRaA16S00 = sum(DayCaYMeRaA16S00) 
{txt}
{com}. format TotCaYMeRaA16S00 %15.0f
{txt}
{com}. replace TotCaYMeRaA16S00 = . if DayCaYMeRaA16S00 == .
{txt}(0 real changes made)

{com}. 
. 
. bysort loc_grand_name (date):  generate TotCaxMeRaA16S00 = sum(DayCaxMeRaA16S00) 
{txt}
{com}. format TotCaxMeRaA16S00 %15.0f
{txt}
{com}. replace TotCaxMeRaA16S00 = . if DayCaxMeRaA16S00 == .
{txt}(0 real changes made)

{com}. 
. 
. bysort loc_grand_name (date):  generate TotDeaMeRaA16S00 = sum(DayDeaMeRaA16S00) 
{txt}
{com}. format TotDeaMeRaA16S00 %15.0f
{txt}
{com}. replace TotDeaMeRaA16S00 = . if DayDeaMeRaA16S00 == .
{txt}(0 real changes made)

{com}. 
. 
. bysort loc_grand_name (date):  generate TotDexMeRaA16S00 = sum(DayDexMeRaA16S00) 
{txt}
{com}. format TotDexMeRaA16S00 %15.0f
{txt}
{com}. replace TotDexMeRaA16S00 = . if DayDexMeRaA16S00 == .
{txt}(0 real changes made)

{com}. 
. 
. bysort loc_grand_name (date):  generate TotDeYMeRaA16S00 = sum(DayDeYMeRaA16S00) 
{txt}
{com}. format TotDeYMeRaA16S00 %15.0f
{txt}
{com}. replace TotDeYMeRaA16S00 = . if DayDeYMeRaA16S00 == .
{txt}(0 real changes made)

{com}. 
. 
. 
. * gen daily 
. 
. sort loc_grand_name date
{txt}
{com}. 
. bysort loc_grand_name: gen DayVaxMeRaA16S00 =  TotVaxMeRaA16S00[_n] - TotVaxMeRaA16S00[_n-1]
{txt}(1 missing value generated)

{com}. 
. 
. label var TotCasMeRaA16S00 "Total cases A16 S0"
{txt}
{com}. 
. label var TotCaYMeRaA16S00 "Total cases COUNTERFACTUAL A16 S0"
{txt}
{com}. 
. label var TotCaxMeRaA16S00 "Total cases AVERTED A16 S0"
{txt}
{com}. 
. label var TotDeaMeRaA16S00 "Total deaths A16 S0"
{txt}
{com}. 
. label var TotDeYMeRaA16S00 "Total deaths COUNTERFACTUAL A16 S0"
{txt}
{com}. 
. label var TotDexMeRaA16S00 "Total deaths AVERTED A16 S0"
{txt}
{com}. 
. label var DayVaxMeRaA16S00 "Daily fully vaccinated persons A16 S0"
{txt}
{com}. 
. 
. 
. 
. * gen cfr
. 
. gen DayCfrMeRaA16S00 = 100 * DayDeaMeRaA16S00 / DayCasMeRaA16S00
{txt}(2 missing values generated)

{com}. 
. label var DayCfrMeRaA16S00 "Daily CFR Mean CSIM S0"
{txt}
{com}. 
. 
. 
. 
. ***********************
. 
. * graphs
. 
. * name CSIM graphs files starting with 0 to diff them from graphs from do merge, to which CSIM are to be added below. 
. 
. grstyle init
{res}{txt}
{com}. 
. grstyle color background white
{txt}
{com}. 
. 
. * daily deaths
. 
. * daily deaths (estimated)
. 
. twoway  ///
> (line DayDeaMeRaA16S00 date, sort lcolor(green)) ///
> if loc_grand_name == "Iran" & date >= td(01jan2020) & date <= td(31dec2022), legend(off) ///       
> xtitle(Date) xlabel(#36, format(%tdYY-NN-DD) labsize(small)) xlabel(, grid) xlabel(, grid) ///
> xlabel(, angle(forty_five)) ylabel(, format(%9.0fc) labsize(small))  ylabel(, labsize(small) angle(horizontal)) ///
> ytitle(Daily deaths estimated) title("COVID-19 daily deaths, Iran, CSIM, default scenario", size(medium)) ///
> xscale(lwidth(vthin) lcolor(gray*.2)) yscale(lwidth(vthin) lcolor(gray*.2)) legend(region(lcolor(none))) legend(bexpand)        
{res}{txt}
{com}.            
. graph save "graph 01 COVID-19 daily deaths, Iran, CSIM.gph", replace
{res}{txt}(file graph 01 COVID-19 daily deaths, Iran, CSIM.gph saved)

{com}. graph export "graph 01 COVID-19 daily deaths, Iran, CSIM.pdf", replace
{txt}(file /Users/farshadpourmalek/Downloads/covir2-main/20210522/code/CSIM/graph 01 COVID-19 daily deaths, Iran, CSIM.pdf written in PDF format)

{com}. 
. 
. 
. * daily deaths, COUNTERFACTUAL
. 
. twoway  ///
> (line DayDeYMeRaA16S00 date, sort lcolor(green)) ///
> if loc_grand_name == "Iran" & date >= td(01jan2020) & date <= td(31dec2022), legend(off) ///       
> xtitle(Date) xlabel(#36, format(%tdYY-NN-DD) labsize(small)) xlabel(, grid) xlabel(, grid) ///
> xlabel(, angle(forty_five)) ylabel(, format(%9.0fc) labsize(small))  ylabel(, labsize(small) angle(horizontal)) ///
> ytitle(Daily deaths COUNTERFACTUAL) title("COVID-19 daily deaths COUNTERFACTUAL, Iran, CSIM, default scenario", size(medium)) ///
> xscale(lwidth(vthin) lcolor(gray*.2)) yscale(lwidth(vthin) lcolor(gray*.2)) legend(region(lcolor(none))) legend(bexpand)        
{res}{txt}
{com}.            
. graph save "graph 02 COVID-19 daily deaths COUNTERFACTUAL, Iran, CSIM.gph", replace
{res}{txt}(file graph 02 COVID-19 daily deaths COUNTERFACTUAL, Iran, CSIM.gph saved)

{com}. graph export "graph 02 COVID-19 daily deaths COUNTERFACTUAL, Iran, CSIM.pdf", replace
{txt}(file /Users/farshadpourmalek/Downloads/covir2-main/20210522/code/CSIM/graph 02 COVID-19 daily deaths COUNTERFACTUAL, Iran, CSIM.pdf written in PDF format)

{com}. 
. 
. 
. * daily deaths, AVERTED
. 
. twoway  ///
> (line DayDexMeRaA16S00 date, sort lcolor(green)) ///
> if loc_grand_name == "Iran" & date >= td(01jan2020) & date <= td(31dec2022), legend(off) ///       
> xtitle(Date) xlabel(#36, format(%tdYY-NN-DD) labsize(small)) xlabel(, grid) xlabel(, grid) ///
> xlabel(, angle(forty_five)) ylabel(, format(%9.0fc) labsize(small))  ylabel(, labsize(small) angle(horizontal)) ///
> ytitle(Daily deaths AVERTED) title("COVID-19 daily deaths AVERTED, Iran, CSIM, default scenario", size(medium)) ///
> xscale(lwidth(vthin) lcolor(gray*.2)) yscale(lwidth(vthin) lcolor(gray*.2)) legend(region(lcolor(none))) legend(bexpand)        
{res}{txt}
{com}.            
. graph save "graph 03 COVID-19 daily deaths AVERTED, Iran, CSIM.gph", replace
{res}{txt}(file graph 03 COVID-19 daily deaths AVERTED, Iran, CSIM.gph saved)

{com}. graph export "graph 03 COVID-19 daily deaths AVERTED, Iran, CSIM.pdf", replace
{txt}(file /Users/farshadpourmalek/Downloads/covir2-main/20210522/code/CSIM/graph 03 COVID-19 daily deaths AVERTED, Iran, CSIM.pdf written in PDF format)

{com}. 
. 
. 
. * daily deaths, (estimated), COUNTERFACTUAL, AVERTED (3 types)
. 
. twoway  ///
> (line DayDeaMeRaA16S00 date, sort lcolor(black)) /// (estimated)
> (line DayDexMeRaA16S00 date, sort lcolor(green)) /// AVERTED
> (line DayDeYMeRaA16S00 date, sort lcolor(red)) /// COUNTERFACTUAL
> if loc_grand_name == "Iran" & date >= td(01jan2020) & date <= td(31dec2022), ///           
> xtitle(Date) xlabel(#36, format(%tdYY-NN-DD) labsize(small)) xlabel(, grid) xlabel(, grid) ///
> xlabel(, angle(forty_five)) ylabel(, format(%9.0fc) labsize(small))  ylabel(, labsize(small) angle(horizontal)) ///
> ytitle(Daily deaths) title("COVID-19 daily deaths, Iran, CSIM, default scenario", size(medium)) ///
> xscale(lwidth(vthin) lcolor(gray*.2)) yscale(lwidth(vthin) lcolor(gray*.2)) legend(region(lcolor(none))) legend(bexpand) ///
> legend(order(1 "Estimated" 2 "Averted" 3 "Counterfactual") size(small) rows(1)) 
{res}{txt}
{com}.            
. graph save "graph 04 COVID-19 daily deaths, 3 types, Iran, CSIM.gph", replace
{res}{txt}(file graph 04 COVID-19 daily deaths, 3 types, Iran, CSIM.gph saved)

{com}. graph export "graph 04 COVID-19 daily deaths, 3 types, Iran, CSIM.pdf", replace
{txt}(file /Users/farshadpourmalek/Downloads/covir2-main/20210522/code/CSIM/graph 04 COVID-19 daily deaths, 3 types, Iran, CSIM.pdf written in PDF format)

{com}. 
. 
. 
. * total deaths 
. 
. * total deaths (estimated)
. 
. twoway  ///
> (line TotDeaMeRaA16S00 date, sort lcolor(green)) ///
> if loc_grand_name == "Iran" & date >= td(01jan2020) & date <= td(31dec2022), legend(off) ///       
> xtitle(Date) xlabel(#36, format(%tdYY-NN-DD) labsize(small)) xlabel(, grid) xlabel(, grid) ///
> xlabel(, angle(forty_five)) ylabel(, format(%9.0fc) labsize(small))  ylabel(, labsize(small) angle(horizontal)) ///
> ytitle(Total deaths estimated) title("COVID-19 total deaths, Iran, CSIM, default scenario", size(medium)) ///
> xscale(lwidth(vthin) lcolor(gray*.2)) yscale(lwidth(vthin) lcolor(gray*.2)) legend(region(lcolor(none))) legend(bexpand)        
{res}{txt}
{com}.            
. graph save "graph 05 COVID-19 total deaths, Iran, CSIM.gph", replace
{res}{txt}(file graph 05 COVID-19 total deaths, Iran, CSIM.gph saved)

{com}. graph export "graph 05 COVID-19 total deaths, Iran, CSIM.pdf", replace
{txt}(file /Users/farshadpourmalek/Downloads/covir2-main/20210522/code/CSIM/graph 05 COVID-19 total deaths, Iran, CSIM.pdf written in PDF format)

{com}. 
. 
. 
. * total deaths, COUNTERFACTUAL
. 
. twoway  ///
> (line TotDeYMeRaA16S00 date, sort lcolor(green)) ///
> if loc_grand_name == "Iran" & date >= td(01jan2020) & date <= td(31dec2022), legend(off) ///       
> xtitle(Date) xlabel(#36, format(%tdYY-NN-DD) labsize(small)) xlabel(, grid) xlabel(, grid) ///
> xlabel(, angle(forty_five)) ylabel(, format(%9.0fc) labsize(small))  ylabel(, labsize(small) angle(horizontal)) ///
> ytitle(Total deaths COUNTERFACTUAL) title("COVID-19 total deaths COUNTERFACTUAL, Iran, CSIM, default scenario", size(medium)) ///
> xscale(lwidth(vthin) lcolor(gray*.2)) yscale(lwidth(vthin) lcolor(gray*.2)) legend(region(lcolor(none))) legend(bexpand)        
{res}{txt}
{com}.            
. graph save "graph 06 COVID-19 total deaths COUNTERFACTUAL, Iran, CSIM.gph", replace
{res}{txt}(file graph 06 COVID-19 total deaths COUNTERFACTUAL, Iran, CSIM.gph saved)

{com}. graph export "graph 06 COVID-19 total deaths COUNTERFACTUAL, Iran, CSIM.pdf", replace
{txt}(file /Users/farshadpourmalek/Downloads/covir2-main/20210522/code/CSIM/graph 06 COVID-19 total deaths COUNTERFACTUAL, Iran, CSIM.pdf written in PDF format)

{com}. 
. 
. 
. * total deaths, AVERTED
. 
. twoway  ///
> (line TotDexMeRaA16S00 date, sort lcolor(green)) ///
> if loc_grand_name == "Iran" & date >= td(01jan2020) & date <= td(31dec2022), legend(off) ///       
> xtitle(Date) xlabel(#36, format(%tdYY-NN-DD) labsize(small)) xlabel(, grid) xlabel(, grid) ///
> xlabel(, angle(forty_five)) ylabel(, format(%9.0fc) labsize(small))  ylabel(, labsize(small) angle(horizontal)) ///
> ytitle(Total deaths AVERTED) title("COVID-19 total deaths AVERTED, Iran, CSIM, default scenario", size(medium)) ///
> xscale(lwidth(vthin) lcolor(gray*.2)) yscale(lwidth(vthin) lcolor(gray*.2)) legend(region(lcolor(none))) legend(bexpand)        
{res}{txt}
{com}.            
. graph save "graph 07 COVID-19 total deaths AVERTED, Iran, CSIM.gph", replace
{res}{txt}(file graph 07 COVID-19 total deaths AVERTED, Iran, CSIM.gph saved)

{com}. graph export "graph 07 COVID-19 total deaths AVERTED, Iran, CSIM.pdf", replace
{txt}(file /Users/farshadpourmalek/Downloads/covir2-main/20210522/code/CSIM/graph 07 COVID-19 total deaths AVERTED, Iran, CSIM.pdf written in PDF format)

{com}. 
. 
. 
. * total deaths, (estimated), COUNTERFACTUAL, AVERTED (3 types)
. 
. twoway  ///
> (line TotDeaMeRaA16S00 date, sort lcolor(black)) /// (estimated)
> (line TotDexMeRaA16S00 date, sort lcolor(green)) /// AVERTED
> (line TotDeYMeRaA16S00 date, sort lcolor(red)) /// COUNTERFACTUAL
> if loc_grand_name == "Iran" & date >= td(01jan2020) & date <= td(31dec2022), ///           
> xtitle(Date) xlabel(#36, format(%tdYY-NN-DD) labsize(small)) xlabel(, grid) xlabel(, grid) ///
> xlabel(, angle(forty_five)) ylabel(, format(%9.0fc) labsize(small))  ylabel(, labsize(small) angle(horizontal)) ///
> ytitle(Total deaths) title("COVID-19 total deaths, Iran, CSIM, default scenario", size(medium)) ///
> xscale(lwidth(vthin) lcolor(gray*.2)) yscale(lwidth(vthin) lcolor(gray*.2)) legend(region(lcolor(none))) legend(bexpand) ///
> legend(order(1 "Estimated" 2 "Averted" 3 "Counterfactual") size(small) rows(1)) 
{res}{txt}
{com}.            
. graph save "graph 08 COVID-19 total deaths, 3 types, Iran, CSIM.gph", replace
{res}{txt}(file graph 08 COVID-19 total deaths, 3 types, Iran, CSIM.gph saved)

{com}. graph export "graph 08 COVID-19 total deaths, 3 types, Iran, CSIM.pdf", replace
{txt}(file /Users/farshadpourmalek/Downloads/covir2-main/20210522/code/CSIM/graph 08 COVID-19 total deaths, 3 types, Iran, CSIM.pdf written in PDF format)

{com}. 
. 
. 
. 
. 
. 
. 
. 
. * daily cases
. 
. * daily cases (estimated)
. 
. twoway  ///
> (line DayCasMeRaA16S00 date, sort lcolor(green)) ///
> if loc_grand_name == "Iran" & date >= td(01jan2020) & date <= td(31dec2022), legend(off) ///       
> xtitle(Date) xlabel(#36, format(%tdYY-NN-DD) labsize(small)) xlabel(, grid) xlabel(, grid) ///
> xlabel(, angle(forty_five)) ylabel(, format(%9.0fc) labsize(small))  ylabel(, labsize(small) angle(horizontal)) ///
> ytitle(Daily cases estimated) title("COVID-19 daily cases, Iran, CSIM, default scenario", size(medium)) ///
> xscale(lwidth(vthin) lcolor(gray*.2)) yscale(lwidth(vthin) lcolor(gray*.2)) legend(region(lcolor(none))) legend(bexpand)        
{res}{txt}
{com}.            
. graph save "graph 011 COVID-19 daily cases, Iran, CSIM.gph", replace
{res}{txt}(file graph 011 COVID-19 daily cases, Iran, CSIM.gph saved)

{com}. graph export "graph 011 COVID-19 daily cases, Iran, CSIM.pdf", replace
{txt}(file /Users/farshadpourmalek/Downloads/covir2-main/20210522/code/CSIM/graph 011 COVID-19 daily cases, Iran, CSIM.pdf written in PDF format)

{com}. 
. 
. 
. * daily cases, COUNTERFACTUAL
. 
. twoway  ///
> (line DayCaYMeRaA16S00 date, sort lcolor(green)) ///
> if loc_grand_name == "Iran" & date >= td(01jan2020) & date <= td(31dec2022), legend(off) ///       
> xtitle(Date) xlabel(#36, format(%tdYY-NN-DD) labsize(small)) xlabel(, grid) xlabel(, grid) ///
> xlabel(, angle(forty_five)) ylabel(, format(%9.0fc) labsize(small))  ylabel(, labsize(small) angle(horizontal)) ///
> ytitle(Daily cases COUNTERFACTUAL) title("COVID-19 daily cases COUNTERFACTUAL, Iran, CSIM, default scenario", size(medium)) ///
> xscale(lwidth(vthin) lcolor(gray*.2)) yscale(lwidth(vthin) lcolor(gray*.2)) legend(region(lcolor(none))) legend(bexpand)        
{res}{txt}
{com}.            
. graph save "graph 012 COVID-19 daily cases COUNTERFACTUAL, Iran, CSIM.gph", replace
{res}{txt}(file graph 012 COVID-19 daily cases COUNTERFACTUAL, Iran, CSIM.gph saved)

{com}. graph export "graph 012 COVID-19 daily cases COUNTERFACTUAL, Iran, CSIM.pdf", replace
{txt}(file /Users/farshadpourmalek/Downloads/covir2-main/20210522/code/CSIM/graph 012 COVID-19 daily cases COUNTERFACTUAL, Iran, CSIM.pdf written in PDF format)

{com}. 
. 
. 
. * daily cases, AVERTED
. 
. twoway  ///
> (line DayCaxMeRaA16S00 date, sort lcolor(green)) ///
> if loc_grand_name == "Iran" & date >= td(01jan2020) & date <= td(31dec2022), legend(off) ///       
> xtitle(Date) xlabel(#36, format(%tdYY-NN-DD) labsize(small)) xlabel(, grid) xlabel(, grid) ///
> xlabel(, angle(forty_five)) ylabel(, format(%9.0fc) labsize(small))  ylabel(, labsize(small) angle(horizontal)) ///
> ytitle(Daily cases AVERTED) title("COVID-19 daily cases AVERTED, Iran, CSIM, default scenario", size(medium)) ///
> xscale(lwidth(vthin) lcolor(gray*.2)) yscale(lwidth(vthin) lcolor(gray*.2)) legend(region(lcolor(none))) legend(bexpand)        
{res}{txt}
{com}.            
. graph save "graph 013 COVID-19 daily cases AVERTED, Iran, CSIM.gph", replace
{res}{txt}(file graph 013 COVID-19 daily cases AVERTED, Iran, CSIM.gph saved)

{com}. graph export "graph 013 COVID-19 daily cases AVERTED, Iran, CSIM.pdf", replace
{txt}(file /Users/farshadpourmalek/Downloads/covir2-main/20210522/code/CSIM/graph 013 COVID-19 daily cases AVERTED, Iran, CSIM.pdf written in PDF format)

{com}. 
. 
. 
. * daily cases, (estimated), COUNTERFACTUAL, AVERTED (3 types)
. 
. twoway  ///
> (line DayCasMeRaA16S00 date, sort lcolor(black)) /// (estimated)
> (line DayCaxMeRaA16S00 date, sort lcolor(green)) /// AVERTED
> (line DayCaYMeRaA16S00 date, sort lcolor(red)) /// COUNTERFACTUAL
> if loc_grand_name == "Iran" & date >= td(01jan2020) & date <= td(31dec2022), ///           
> xtitle(Date) xlabel(#36, format(%tdYY-NN-DD) labsize(small)) xlabel(, grid) xlabel(, grid) ///
> xlabel(, angle(forty_five)) ylabel(, format(%9.0fc) labsize(small))  ylabel(, labsize(small) angle(horizontal)) ///
> ytitle(Daily cases) title("COVID-19 daily cases, Iran, CSIM, default scenario", size(medium)) ///
> xscale(lwidth(vthin) lcolor(gray*.2)) yscale(lwidth(vthin) lcolor(gray*.2)) legend(region(lcolor(none))) legend(bexpand) ///
> legend(order(1 "Estimated" 2 "Averted" 3 "Counterfactual") size(small) rows(1)) 
{res}{txt}
{com}.            
. graph save "graph 014 COVID-19 daily cases, 3 types, Iran, CSIM.gph", replace
{res}{txt}(file graph 014 COVID-19 daily cases, 3 types, Iran, CSIM.gph saved)

{com}. graph export "graph 014 COVID-19 daily cases, 3 types, Iran, CSIM.pdf", replace
{txt}(file /Users/farshadpourmalek/Downloads/covir2-main/20210522/code/CSIM/graph 014 COVID-19 daily cases, 3 types, Iran, CSIM.pdf written in PDF format)

{com}. 
. 
. 
. * total cases 
. 
. * total cases (estimated)
. 
. twoway  ///
> (line TotCasMeRaA16S00 date, sort lcolor(green)) ///
> if loc_grand_name == "Iran" & date >= td(01jan2020) & date <= td(31dec2022), legend(off) ///       
> xtitle(Date) xlabel(#36, format(%tdYY-NN-DD) labsize(small)) xlabel(, grid) xlabel(, grid) ///
> xlabel(, angle(forty_five)) ylabel(, format(%9.0fc) labsize(small))  ylabel(, labsize(small) angle(horizontal)) ///
> ytitle(Total cases estimated) title("COVID-19 total cases, Iran, CSIM, default scenario", size(medium)) ///
> xscale(lwidth(vthin) lcolor(gray*.2)) yscale(lwidth(vthin) lcolor(gray*.2)) legend(region(lcolor(none))) legend(bexpand)        
{res}{txt}
{com}.            
. graph save "graph 015 COVID-19 total cases, Iran, CSIM.gph", replace
{res}{txt}(file graph 015 COVID-19 total cases, Iran, CSIM.gph saved)

{com}. graph export "graph 015 COVID-19 total cases, Iran, CSIM.pdf", replace
{txt}(file /Users/farshadpourmalek/Downloads/covir2-main/20210522/code/CSIM/graph 015 COVID-19 total cases, Iran, CSIM.pdf written in PDF format)

{com}. 
. 
. 
. * total cases, COUNTERFACTUAL
. 
. twoway  ///
> (line TotCaYMeRaA16S00 date, sort lcolor(green)) ///
> if loc_grand_name == "Iran" & date >= td(01jan2020) & date <= td(31dec2022), legend(off) ///       
> xtitle(Date) xlabel(#36, format(%tdYY-NN-DD) labsize(small)) xlabel(, grid) xlabel(, grid) ///
> xlabel(, angle(forty_five)) ylabel(, format(%9.0fc) labsize(small))  ylabel(, labsize(small) angle(horizontal)) ///
> ytitle(Total cases COUNTERFACTUAL) title("COVID-19 total cases COUNTERFACTUAL, Iran, CSIM, default scenario", size(medium)) ///
> xscale(lwidth(vthin) lcolor(gray*.2)) yscale(lwidth(vthin) lcolor(gray*.2)) legend(region(lcolor(none))) legend(bexpand)        
{res}{txt}
{com}.            
. graph save "graph 016 COVID-19 total cases COUNTERFACTUAL, Iran, CSIM.gph", replace
{res}{txt}(file graph 016 COVID-19 total cases COUNTERFACTUAL, Iran, CSIM.gph saved)

{com}. graph export "graph 016 COVID-19 total cases COUNTERFACTUAL, Iran, CSIM.pdf", replace
{txt}(file /Users/farshadpourmalek/Downloads/covir2-main/20210522/code/CSIM/graph 016 COVID-19 total cases COUNTERFACTUAL, Iran, CSIM.pdf written in PDF format)

{com}. 
. 
. 
. * total cases, AVERTED
. 
. twoway  ///
> (line TotCaxMeRaA16S00 date, sort lcolor(green)) ///
> if loc_grand_name == "Iran" & date >= td(01jan2020) & date <= td(31dec2022), legend(off) ///       
> xtitle(Date) xlabel(#36, format(%tdYY-NN-DD) labsize(small)) xlabel(, grid) xlabel(, grid) ///
> xlabel(, angle(forty_five)) ylabel(, format(%9.0fc) labsize(small))  ylabel(, labsize(small) angle(horizontal)) ///
> ytitle(Total cases AVERTED) title("COVID-19 total cases AVERTED, Iran, CSIM, default scenario", size(medium)) ///
> xscale(lwidth(vthin) lcolor(gray*.2)) yscale(lwidth(vthin) lcolor(gray*.2)) legend(region(lcolor(none))) legend(bexpand)        
{res}{txt}
{com}.            
. graph save "graph 017 COVID-19 total cases AVERTED, Iran, CSIM.gph", replace
{res}{txt}(file graph 017 COVID-19 total cases AVERTED, Iran, CSIM.gph saved)

{com}. graph export "graph 017 COVID-19 total cases AVERTED, Iran, CSIM.pdf", replace
{txt}(file /Users/farshadpourmalek/Downloads/covir2-main/20210522/code/CSIM/graph 017 COVID-19 total cases AVERTED, Iran, CSIM.pdf written in PDF format)

{com}. 
. 
. 
. * total cases, (estimated), COUNTERFACTUAL, AVERTED (3 types)
. 
. twoway  ///
> (line TotCasMeRaA16S00 date, sort lcolor(black)) /// (estimated)
> (line TotCaxMeRaA16S00 date, sort lcolor(green)) /// AVERTED
> (line TotCaYMeRaA16S00 date, sort lcolor(red)) /// COUNTERFACTUAL
> if loc_grand_name == "Iran" & date >= td(01jan2020) & date <= td(31dec2022), ///           
> xtitle(Date) xlabel(#36, format(%tdYY-NN-DD) labsize(small)) xlabel(, grid) xlabel(, grid) ///
> xlabel(, angle(forty_five)) ylabel(, format(%9.0fc) labsize(small))  ylabel(, labsize(small) angle(horizontal)) ///
> ytitle(Total cases) title("COVID-19 total cases, Iran, CSIM, default scenario", size(medium)) ///
> xscale(lwidth(vthin) lcolor(gray*.2)) yscale(lwidth(vthin) lcolor(gray*.2)) legend(region(lcolor(none))) legend(bexpand) ///
> legend(order(1 "Estimated" 2 "Averted" 3 "Counterfactual") size(small) rows(1)) 
{res}{txt}
{com}.            
. graph save "graph 018 COVID-19 total cases, 3 types, Iran, CSIM.gph", replace
{res}{txt}(file graph 018 COVID-19 total cases, 3 types, Iran, CSIM.gph saved)

{com}. graph export "graph 018 COVID-19 total cases, 3 types, Iran, CSIM.pdf", replace
{txt}(file /Users/farshadpourmalek/Downloads/covir2-main/20210522/code/CSIM/graph 018 COVID-19 total cases, 3 types, Iran, CSIM.pdf written in PDF format)

{com}. 
. 
. 
. 
. 
. 
. 
. * cfr and R
. 
. * daily cfr 
. 
. twoway  ///
> (line DayCfrMeRaA16S00 date, sort lcolor(green)) ///
> if loc_grand_name == "Iran" & date >= td(01jan2020) & date <= td(31dec2022), legend(off) ///       
> xtitle(Date) xlabel(#36, format(%tdYY-NN-DD) labsize(small)) xlabel(, grid) xlabel(, grid) ///
> xlabel(, angle(forty_five)) ylabel(, format(%9.2fc) labsize(small))  ylabel(, labsize(small) angle(horizontal)) ///
> ytitle(Daily CFR) title("COVID-19 daily CFR, Iran, CSIM, default scenario", size(medium)) ///
> xscale(lwidth(vthin) lcolor(gray*.2)) yscale(lwidth(vthin) lcolor(gray*.2)) legend(region(lcolor(none))) legend(bexpand)        
{res}{txt}
{com}. 
. graph save "graph 021 COVID-19 daily CFR, Iran, CSIM.gph", replace
{res}{txt}(file graph 021 COVID-19 daily CFR, Iran, CSIM.gph saved)

{com}. graph export "graph 021 COVID-19 daily CFR, Iran, CSIM.pdf", replace
{txt}(file /Users/farshadpourmalek/Downloads/covir2-main/20210522/code/CSIM/graph 021 COVID-19 daily CFR, Iran, CSIM.pdf written in PDF format)

{com}. 
. 
. 
. * daily Rt
. 
. twoway  ///
> (line DayRttMeRaA16S00 date, sort lcolor(green)) ///
> if loc_grand_name == "Iran" & date >= td(01jan2020) & date <= td(31dec2022), legend(off) ///       
> xtitle(Date) xlabel(#36, format(%tdYY-NN-DD) labsize(small)) xlabel(, grid) xlabel(, grid) ///
> xlabel(, angle(forty_five)) ylabel(, format(%9.2fc) labsize(small))  ylabel(, labsize(small) angle(horizontal)) ///
> ytitle(Daily Rt) title("COVID-19 daily Rt, Iran, CSIM, default scenario", size(medium)) ///
> xscale(lwidth(vthin) lcolor(gray*.2)) yscale(lwidth(vthin) lcolor(gray*.2)) legend(region(lcolor(none))) legend(bexpand)        
{res}{txt}
{com}. 
. graph save "graph 022 COVID-19 daily Rt, Iran, CSIM.gph", replace
{res}{txt}(file graph 022 COVID-19 daily Rt, Iran, CSIM.gph saved)

{com}. graph export "graph 022 COVID-19 daily Rt, Iran, CSIM.pdf", replace
{txt}(file /Users/farshadpourmalek/Downloads/covir2-main/20210522/code/CSIM/graph 022 COVID-19 daily Rt, Iran, CSIM.pdf written in PDF format)

{com}. 
. 
. 
. * daily Reff
. 
. twoway  ///
> (line DayRefMeRaA16S00 date, sort lcolor(green)) ///
> if loc_grand_name == "Iran" & date >= td(01jan2020) & date <= td(31dec2022), legend(off) ///       
> xtitle(Date) xlabel(#36, format(%tdYY-NN-DD) labsize(small)) xlabel(, grid) xlabel(, grid) ///
> xlabel(, angle(forty_five)) ylabel(, format(%9.2fc) labsize(small))  ylabel(, labsize(small) angle(horizontal)) ///
> ytitle(Daily Reff) title("COVID-19 daily Reff, Iran, CSIM, default scenario", size(medium)) ///
> xscale(lwidth(vthin) lcolor(gray*.2)) yscale(lwidth(vthin) lcolor(gray*.2)) legend(region(lcolor(none))) legend(bexpand)        
{res}{txt}
{com}. 
. graph save "graph 023 COVID-19 daily Reff, Iran, CSIM.gph", replace
{res}{txt}(file graph 023 COVID-19 daily Reff, Iran, CSIM.gph saved)

{com}. graph export "graph 023 COVID-19 daily Reff, Iran, CSIM.pdf", replace
{txt}(file /Users/farshadpourmalek/Downloads/covir2-main/20210522/code/CSIM/graph 023 COVID-19 daily Reff, Iran, CSIM.pdf written in PDF format)

{com}. 
. 
. 
. 
. 
. * hospital: daily hospitalisations, critical care
. 
. twoway ///
> (line DayHosMeRaA16S00 date, sort lcolor(green)) ///
> (line DayIciMeRaA16S00 date, sort lcolor(black)) ///
> if loc_grand_name == "Iran" & date >= td(01jan2020) & date <= td(31dec2022), ///           
> xtitle(Date) xlabel(#36, format(%tdYY-NN-DD) labsize(small)) xlabel(, grid) xlabel(, grid) ///
> xlabel(, angle(forty_five)) ylabel(, format(%9.0fc) labsize(small))  ylabel(, labsize(small) angle(horizontal)) ///
> ytitle(Daily outcome) title("COVID-19 daily cases, Iran, CSIM, default scenario", size(medium)) ///
> xscale(lwidth(vthin) lcolor(gray*.2)) yscale(lwidth(vthin) lcolor(gray*.2)) legend(region(lcolor(none))) legend(bexpand) ///
> legend(order(1 "Hospitalisations" 2 "Critical care") rows(1)) 
{res}{txt}
{com}.            
. graph save "graph 031 COVID-19 hospital, Iran, CSIM.gph", replace
{res}{txt}(file graph 031 COVID-19 hospital, Iran, CSIM.gph saved)

{com}. graph export "graph 031 COVID-19 hospital, Iran, CSIM.pdf", replace
{txt}(file /Users/farshadpourmalek/Downloads/covir2-main/20210522/code/CSIM/graph 031 COVID-19 hospital, Iran, CSIM.pdf written in PDF format)

{com}. 
. 
. 
. 
. 
. * vaccine: fully vaccinated persons (Vax)
. 
. twoway  ///
> (line TotVaxMeRaA16S00 date, sort lcolor(green)) ///
> if loc_grand_name == "Iran" & date >= td(01jan2020) & date <= td(31dec2022), legend(off) ///       
> xtitle(Date) xlabel(#36, format(%tdYY-NN-DD) labsize(small)) xlabel(, grid) xlabel(, grid) ///
> xlabel(, angle(forty_five)) ylabel(, format(%15.2fc) labsize(small))  ylabel(, labsize(small) angle(horizontal)) ///
> ytitle(Total fully vaccinated persons) title("COVID-19 daily Total fully vaccinated persons, Iran, CSIM, default scenario", size(medium)) ///
> xscale(lwidth(vthin) lcolor(gray*.2)) yscale(lwidth(vthin) lcolor(gray*.2)) legend(region(lcolor(none))) legend(bexpand) ///
> yscale(titlegap(7) outergap(3)) ylabel(, angle(forty_five))
{res}{txt}
{com}. 
. graph save "graph 041 COVID-19 Total fully vaccinated persons, Iran, CSIM.gph", replace
{res}{txt}(file graph 041 COVID-19 Total fully vaccinated persons, Iran, CSIM.gph saved)

{com}. graph export "graph 041 COVID-19 Total fully vaccinated persons, Iran, CSIM.pdf", replace
{txt}(file /Users/farshadpourmalek/Downloads/covir2-main/20210522/code/CSIM/graph 041 COVID-19 Total fully vaccinated persons, Iran, CSIM.pdf written in PDF format)

{com}. 
. 
. 
. twoway  ///
> (line DayVaxMeRaA16S00 date, sort lcolor(green)) ///
> if loc_grand_name == "Iran" & date >= td(01jan2020) & date <= td(31dec2022), legend(off) ///       
> xtitle(Date) xlabel(#36, format(%tdYY-NN-DD) labsize(small)) xlabel(, grid) xlabel(, grid) ///
> xlabel(, angle(forty_five)) ylabel(, format(%15.2fc) labsize(small))  ylabel(, labsize(small) angle(horizontal)) ///
> ytitle(Daily fully vaccinated persons) title("COVID-19 Daily Total fully vaccinated persons, Iran, CSIM, default scenario", size(medium)) ///
> xscale(lwidth(vthin) lcolor(gray*.2)) yscale(lwidth(vthin) lcolor(gray*.2)) legend(region(lcolor(none))) legend(bexpand) ///
> yscale(titlegap(7) outergap(3)) ylabel(, angle(forty_five))
{res}{txt}
{com}. 
. graph save "graph 042 COVID-19 Daily fully vaccinated persons, Iran, CSIM.gph", replace
{res}{txt}(file graph 042 COVID-19 Daily fully vaccinated persons, Iran, CSIM.gph saved)

{com}. graph export "graph 042 COVID-19 Daily fully vaccinated persons, Iran, CSIM.pdf", replace
{txt}(file /Users/farshadpourmalek/Downloads/covir2-main/20210522/code/CSIM/graph 042 COVID-19 Daily fully vaccinated persons, Iran, CSIM.pdf written in PDF format)

{com}. 
. 
. 
. 
. sort date loc_grand_name
{txt}
{com}. 
. qui compress
{txt}
{com}. 
. save "Iran CSIM.dta", replace
{txt}file Iran CSIM.dta saved

{com}. 
. 
. 
. *********************************************************************************************************
. 
. * Here is the end of curation of CSIM (COVID SIMULATION, Imperial College) default model for Iran.
. 
. 
. * Add curated CSIM to other models:
. 
. 
. * use "Iran.dta" from code|merge|Iran.dta and avoid / or \
. 
. 
. cd ..
{res}/Users/farshadpourmalek/Downloads/covir2-main/20210522/code
{txt}
{com}. 
. cd merge
{res}/Users/farshadpourmalek/Downloads/covir2-main/20210522/code/merge
{txt}
{com}. 
. use "Iran.dta", clear 
{txt}
{com}. 
. cd ..
{res}/Users/farshadpourmalek/Downloads/covir2-main/20210522/code
{txt}
{com}. 
. cd CSIM
{res}/Users/farshadpourmalek/Downloads/covir2-main/20210522/code/CSIM
{txt}
{com}. 
. save "Iran.dta", replace
{txt}file Iran.dta saved

{com}. 
. merge m:m date using "Iran CSIM.dta"
{res}
{txt}{col 5}Result{col 38}# of obs.
{col 5}{hline 41}
{col 5}not matched{col 30}{res}             392
{txt}{col 9}from master{col 30}{res}               8{txt}  (_merge==1)
{col 9}from using{col 30}{res}             384{txt}  (_merge==2)

{col 5}matched{col 30}{res}             704{txt}  (_merge==3)
{col 5}{hline 41}

{com}. 
. drop _merge
{txt}
{com}. 
. save "Iran with CSIM.dta", replace
{txt}file Iran with CSIM.dta saved

{com}. 
. 
. * use do merge graphs template and add CSIM estimates, name graph files starting with 9
. 
. 
. 
. 
. * daily deaths, median or reference scenario
. 
. twoway ///
> (line DayDeaMeRaA00S00 date, sort lcolor(cyan) lwidth(vthick) lpattern(tight_dot)) /// 1 "JOHN"
> (line DayDeaMeRaA01S00 date, sort lcolor(red)) /// 2 "DELP"
> (line DayDeaMeSmA02S01 date, sort lcolor(black)) /// 3 "IHME"
> (line DayDeaMeRaA03S02 date, sort lcolor(magenta)) /// 4 "IMPE"
> (line DayDeaMeRaA04S00 date, sort lcolor(gold)) /// 5 "LANL"
> (line DayDeaMeRaA05S00 date, sort lcolor(green)) /// 6 "SRIV"
> (line DayDeaMeRaA16S00 date, sort lcolor(brown)) /// 7 CSIM (estimated)
> (line DayDexMeRaA16S00 date, sort lcolor(brown) lpattern(dash)) /// 8 CSIM AVERTED
> (line DayDeYMeRaA16S00 date, sort lcolor(brown) lpattern(tight_dot) lwidth(thick)) /// 9 CSIM COUNTERFACTUAL
> if date >= td(01jan2020) & date <= td(31dec2022) ///
> , xtitle(Date) xlabel(#36, format(%tdYY-NN-DD) labsize(small)) xlabel(, grid) xlabel(, grid) ///
> xlabel(, angle(forty_five)) ylabel(, format(%9.0fc) labsize(small)) ylabel(, labsize(small) angle(horizontal)) ///
> ytitle(Daily deaths) title("COVID-19 daily deaths, Iran, reference scenarios", size(medium)) /// 
> xscale(lwidth(vthin) lcolor(gray*.2)) yscale(lwidth(vthin) lcolor(gray*.2)) legend(region(lcolor(none))) legend(bexpand) ///
> legend(order(1 "JOHN" 2 "DELP" 3 "IHME" 4 "IMPE" 5 "LANL" 6 "SRIV" ///
> 7 "CSIM Estimated" 8 "CSIM Averted" 9 "CSIM Counterfactual") size(small) row(2)) ///
> subtitle("  .", size(small) color(white)) 
{res}{txt}
{com}. 
. graph save "graph 911 COVID-19 daily deaths, Iran, reference scenarios.gph", replace
{txt}(note: file graph 911 COVID-19 daily deaths, Iran, reference scenarios.gph not found)
{res}{txt}(file graph 911 COVID-19 daily deaths, Iran, reference scenarios.gph saved)

{com}. graph export "graph 911 COVID-19 daily deaths, Iran, reference scenarios.pdf", replace
{txt}(file /Users/farshadpourmalek/Downloads/covir2-main/20210522/code/CSIM/graph 911 COVID-19 daily deaths, Iran, reference scenarios.pdf written in PDF format)

{com}. 
. 
. 
. * daily deaths, median or reference scenario, 2020-12-01 on
. 
. twoway ///
> (line DayDeaMeRaA00S00 date, sort lcolor(cyan) lwidth(vthick) lpattern(tight_dot)) /// 1 "JOHN"
> (line DayDeaMeRaA01S00 date, sort lcolor(red)) /// 2 "DELP"
> (line DayDeaMeSmA02S01 date, sort lcolor(black)) /// 3 "IHME"
> (line DayDeaMeRaA03S02 date, sort lcolor(magenta)) /// 4 "IMPE"
> (line DayDeaMeRaA04S00 date, sort lcolor(gold)) /// 5 "LANL"
> (line DayDeaMeRaA05S00 date, sort lcolor(green)) /// 6 "SRIV"
> (line DayDeaMeRaA16S00 date, sort lcolor(brown)) /// 7 CSIM (estimated)
> (line DayDexMeRaA16S00 date, sort lcolor(brown) lpattern(dash)) /// 8 CSIM AVERTED
> (line DayDeYMeRaA16S00 date, sort lcolor(brown) lpattern(tight_dot) lwidth(thick)) /// 9 CSIM COUNTERFACTUAL
> if date >= td(20dec2020) & date <= td(23Sep2021) ///
> , xtitle(Date) xlabel(22270 22300 22330 22360 22391 22422 22453 22484 22515 22546, ///
> format(%tdYY-NN-DD) labsize(small)) xlabel(, grid) xlabel(, grid) ///
> xlabel(, angle(forty_five)) ylabel(, format(%9.0fc) labsize(small))  ylabel(, labsize(small) angle(horizontal)) ///
> ytitle(Daily deaths) title("COVID-19 daily deaths, Iran, reference scenarios", size(medium)) /// 
> xscale(lwidth(vthin) lcolor(gray*.2)) yscale(lwidth(vthin) lcolor(gray*.2)) legend(region(lcolor(none))) legend(bexpand) ///
> legend(order(1 "JOHN" 2 "DELP" 3 "IHME" 4 "IMPE" 5 "LANL" 6 "SRIV" ///
> 7 "CSIM Estimated" 8 "CSIM Averted" 9 "CSIM Counterfactual") size(small) row(2)) ///
> subtitle("after 2020-12-01", size(small)) 
{res}{txt}
{com}. 
. graph save "graph 913 COVID-19 daily deaths, Iran, reference scenarios, 2020-12-01 on.gph", replace
{txt}(note: file graph 913 COVID-19 daily deaths, Iran, reference scenarios, 2020-12-01 on.gph not found)
{res}{txt}(file graph 913 COVID-19 daily deaths, Iran, reference scenarios, 2020-12-01 on.gph saved)

{com}. graph export "graph 913 COVID-19 daily deaths, Iran, reference scenarios, 2020-12-01 on.pdf", replace
{txt}(file /Users/farshadpourmalek/Downloads/covir2-main/20210522/code/CSIM/graph 913 COVID-19 daily deaths, Iran, reference scenarios, 2020-12-01 on.pdf written in PDF format)

{com}. 
. 
. 
. 
. * daily cases, median or reference scenario
. 
. twoway ///
> (line DayCasMeRaA00S00 date, sort lcolor(cyan) lwidth(vthick) lpattern(tight_dot)) /// 1 "JOHN"
> (line DayCasMeRaA01S00 date, sort lcolor(red)) /// 2 "DELP"
> (line DayCasMeRaA02S01 date, sort lcolor(black)) /// 3 "IHME"
> (line DayCasMeRaA03S02 date, sort lcolor(magenta)) /// 4 "IMPE"
> (line DayCasMeRaA04S00 date, sort lcolor(gold)) /// 5 "LANL"
> (line DayCasMeRaA05S00 date, sort lcolor(green)) /// 6 "SRIV"
> (line DayCasMeRaA16S00 date, sort lcolor(brown)) /// 7 CSIM (estimated)
> (line DayCaxMeRaA16S00 date, sort lcolor(brown) lpattern(dash)) /// 8 CSIM AVERTED
> (line DayCaYMeRaA16S00 date, sort lcolor(brown) lpattern(tight_dot) lwidth(thick)) /// 9 CSIM COUNTERFACTUAL
> if date >= td(01jan2020) & date <= td(31dec2022) ///
> , xtitle(Date) xlabel(#36, format(%tdYY-NN-DD) labsize(small)) xlabel(, grid) xlabel(, grid) ///
> xlabel(, angle(forty_five)) ylabel(, format(%9.0fc) labsize(small)) ylabel(, labsize(small) angle(horizontal)) ///
> ytitle(Daily cases) title("COVID-19 daily cases, Iran, reference scenarios", size(medium)) /// 
> xscale(lwidth(vthin) lcolor(gray*.2)) yscale(lwidth(vthin) lcolor(gray*.2)) legend(region(lcolor(none))) legend(bexpand) ///
> legend(order(1 "JOHN" 2 "DELP" 3 "IHME" 4 "IMPE" 5 "LANL" 6 "SRIV" ///
> 7 "CSIM Estimated" 8 "CSIM Averted" 9 "CSIM Counterfactual") size(small) row(2)) ///
> subtitle("  .", size(small) color(white)) 
{res}{txt}
{com}. 
. graph save "graph 921 COVID-19 daily cases, Iran, reference scenarios.gph", replace
{txt}(note: file graph 921 COVID-19 daily cases, Iran, reference scenarios.gph not found)
{res}{txt}(file graph 921 COVID-19 daily cases, Iran, reference scenarios.gph saved)

{com}. graph export "graph 921 COVID-19 daily cases, Iran, reference scenarios.pdf", replace
{txt}(file /Users/farshadpourmalek/Downloads/covir2-main/20210522/code/CSIM/graph 921 COVID-19 daily cases, Iran, reference scenarios.pdf written in PDF format)

{com}. 
. 
. 
. 
. * daily cases, median or reference scenario, 2020-12-01 on
. 
. twoway ///
> (line DayCasMeRaA00S00 date, sort lcolor(cyan) lwidth(vthick) lpattern(tight_dot)) /// 1 "JOHN"
> (line DayCasMeRaA01S00 date, sort lcolor(red)) /// 2 "DELP"
> (line DayCasMeRaA02S01 date, sort lcolor(black)) /// 3 "IHME"
> (line DayCasMeRaA03S02 date, sort lcolor(magenta)) /// 4 "IMPE"
> (line DayCasMeRaA04S00 date, sort lcolor(gold)) /// 5 "LANL"
> (line DayCasMeRaA05S00 date, sort lcolor(green)) /// 6 "SRIV"
> (line DayCasMeRaA16S00 date, sort lcolor(brown)) /// 7 CSIM (estimated)
> (line DayCaxMeRaA16S00 date, sort lcolor(brown) lpattern(dash)) /// 8 CSIM AVERTED
> (line DayCaYMeRaA16S00 date, sort lcolor(brown) lpattern(tight_dot) lwidth(thick)) /// 9 CSIM COUNTERFACTUAL
> if date >= td(20dec2020) & date <= td(23Sep2021) ///
> , xtitle(Date) xlabel(22270 22300 22330 22360 22391 22422 22453 22484 22515 22546, ///
> format(%tdYY-NN-DD) labsize(small)) xlabel(, grid) xlabel(, grid) ///
> xlabel(, angle(forty_five)) ylabel(, format(%9.0fc) labsize(small))  ylabel(, labsize(small) angle(horizontal)) ///
> ytitle(Daily cases) title("COVID-19 daily cases, Iran, reference scenarios", size(medium)) /// 
> xscale(lwidth(vthin) lcolor(gray*.2)) yscale(lwidth(vthin) lcolor(gray*.2)) legend(region(lcolor(none))) legend(bexpand) ///
> legend(order(1 "JOHN" 2 "DELP" 3 "IHME" 4 "IMPE" 5 "LANL" 6 "SRIV" ///
> 7 "CSIM Estimated" 8 "CSIM Averted" 9 "CSIM Counterfactual") size(small) row(2)) ///
> subtitle("after 2020-12-01", size(small)) ///
> ttext(0 21dec2020  "Dey"  0 20jan2021  "Bah" 0 19feb2021  "Esf" ///
> 0 21mar2021  "00"   0 21apr2021  "Ord" 0 22may2021  "Kho" ///
> 0 22jun2021  "Tir"  0 23jul2021  "Mor" 0 23Aug2021  "Sha" ///
> 0 23Sep2021  "Meh"  , size(small) color(black) placement(south))
{res}{txt}
{com}. 
. graph save "graph 923 COVID-19 daily cases, Iran, reference scenarios, 2020-12-01 on.gph", replace
{txt}(note: file graph 923 COVID-19 daily cases, Iran, reference scenarios, 2020-12-01 on.gph not found)
{res}{txt}(file graph 923 COVID-19 daily cases, Iran, reference scenarios, 2020-12-01 on.gph saved)

{com}. graph export "graph 923 COVID-19 daily cases, Iran, reference scenarios, 2020-12-01 on.pdf", replace
{txt}(file /Users/farshadpourmalek/Downloads/covir2-main/20210522/code/CSIM/graph 923 COVID-19 daily cases, Iran, reference scenarios, 2020-12-01 on.pdf written in PDF format)

{com}. 
. 
. 
. * total deaths, median or reference scenario
. 
. twoway ///
> (line TotDeaMeRaA00S00 date, sort lcolor(cyan) lwidth(vthick) lpattern(tight_dot)) /// 1 "JOHN"
> (line TotDeaMeRaA01S00 date, sort lcolor(red)) /// 2 "DELP"
> (line TotDeaMeSmA02S01 date, sort lcolor(black)) /// 3 "IHME"
> (line TotDeaMeRaA03S02 date, sort lcolor(magenta)) /// 4 "IMPE"
> (line TotDeaMeRaA04S00 date, sort lcolor(gold)) /// 5 "LANL"
> (line TotDeaMeRaA05S00 date, sort lcolor(green)) /// 6 "SRIV"
> (line TotDeaMeRaA16S00 date, sort lcolor(brown)) /// 7 CSIM (estimated)
> (line TotDexMeRaA16S00 date, sort lcolor(brown) lpattern(dash)) /// 8 CSIM AVERTED
> (line TotDeYMeRaA16S00 date, sort lcolor(brown) lpattern(tight_dot) lwidth(thick)) /// 9 CSIM COUNTERFACTUAL
> if date >= td(01jan2020) & date <= td(31dec2022) ///
> , xtitle(Date) xlabel(#36, format(%tdYY-NN-DD) labsize(small)) xlabel(, grid) xlabel(, grid) ///
> xlabel(, angle(forty_five)) ylabel(, format(%9.0fc) labsize(small))  ylabel(, labsize(small) angle(horizontal)) ///
> ytitle(Total deaths) title("COVID-19 total deaths, Iran, reference scenarios", size(medium)) /// 
> xscale(lwidth(vthin) lcolor(gray*.2)) yscale(lwidth(vthin) lcolor(gray*.2)) legend(region(lcolor(none))) legend(bexpand) ///
> legend(order(1 "JOHN" 2 "DELP" 3 "IHME" 4 "IMPE" 5 "LANL" 6 "SRIV" ///
> 7 "CSIM Estimated" 8 "CSIM Averted" 9 "CSIM Counterfactual") size(small) row(2)) ///
> subtitle("  .", size(small) color(white))
{res}{txt}
{com}. 
. graph save "graph 931 COVID-19 total deaths, Iran, reference scenarios.gph", replace
{txt}(note: file graph 931 COVID-19 total deaths, Iran, reference scenarios.gph not found)
{res}{txt}(file graph 931 COVID-19 total deaths, Iran, reference scenarios.gph saved)

{com}. graph export "graph 931 COVID-19 total deaths, Iran, reference scenarios.pdf", replace
{txt}(file /Users/farshadpourmalek/Downloads/covir2-main/20210522/code/CSIM/graph 931 COVID-19 total deaths, Iran, reference scenarios.pdf written in PDF format)

{com}. 
. 
. 
. 
. * total deaths, median or reference scenario, 2020-12-01 on
. 
. twoway ///
> (line TotDeaMeRaA00S00 date, sort lcolor(cyan) lwidth(vthick) lpattern(tight_dot)) /// 1 "JOHN"
> (line TotDeaMeRaA01S00 date, sort lcolor(red)) /// 2 "DELP"
> (line TotDeaMeSmA02S01 date, sort lcolor(black)) /// 3 "IHME"
> (line TotDeaMeRaA03S02 date, sort lcolor(magenta)) /// 4 "IMPE"
> (line TotDeaMeRaA04S00 date, sort lcolor(gold)) /// 5 "LANL"
> (line TotDeaMeRaA05S00 date, sort lcolor(green)) /// 6 "SRIV"
> (line TotDeaMeRaA16S00 date, sort lcolor(brown)) /// 7 CSIM (estimated)
> (line TotDexMeRaA16S00 date, sort lcolor(brown) lpattern(dash)) /// 8 CSIM AVERTED
> (line TotDeYMeRaA16S00 date, sort lcolor(brown) lpattern(tight_dot) lwidth(thick)) /// 9 CSIM COUNTERFACTUAL
> if date >= td(01jan2021) & date <= td(01jan2022) ///
> , xtitle(Date) xlabel(#12, format(%tdYY-NN-DD) labsize(small)) xlabel(, grid) xlabel(, grid) ///
> xlabel(, angle(forty_five)) ylabel(, format(%9.0fc) labsize(small))  ylabel(, labsize(small) angle(horizontal)) ///
> ytitle(Total deaths) title("COVID-19 total deaths, Iran, reference scenarios", size(medium)) /// 
> xscale(lwidth(vthin) lcolor(gray*.2)) yscale(lwidth(vthin) lcolor(gray*.2)) legend(region(lcolor(none))) legend(bexpand) ///
> legend(order(1 "JOHN" 2 "DELP" 3 "IHME" 4 "IMPE" 5 "LANL" 6 "SRIV" ///
> 7 "CSIM Estimated" 8 "CSIM Averted" 9 "CSIM Counterfactual") size(small) row(2)) ///
> subtitle("after 2020-12-01", size(small))
{res}{txt}
{com}. 
. graph save "graph 933 COVID-19 total deaths, Iran, reference scenarios, 2020-12-01 on.gph", replace
{txt}(note: file graph 933 COVID-19 total deaths, Iran, reference scenarios, 2020-12-01 on.gph not found)
{res}{txt}(file graph 933 COVID-19 total deaths, Iran, reference scenarios, 2020-12-01 on.gph saved)

{com}. graph export "graph 933 COVID-19 total deaths, Iran, reference scenarios, 2020-12-01 on.pdf", replace
{txt}(file /Users/farshadpourmalek/Downloads/covir2-main/20210522/code/CSIM/graph 933 COVID-19 total deaths, Iran, reference scenarios, 2020-12-01 on.pdf written in PDF format)

{com}. 
. 
. 
. 
. * total cases, median or reference scenario
. 
. twoway ///
> (line TotCasMeRaA00S00 date, sort lcolor(cyan) lwidth(vthick) lpattern(tight_dot)) /// 1 "JOHN"
> (line TotCasMeRaA01S00 date, sort lcolor(red)) /// 2 "DELP"
> (line TotCasMeRaA02S01 date, sort lcolor(black)) /// 3 "IHME"
> (line TotCasMeRaA03S02 date, sort lcolor(magenta)) /// 4 "IMPE"
> (line TotCasMeRaA04S00 date, sort lcolor(gold)) /// 5 "LANL"
> (line TotCasMeRaA05S00 date, sort lcolor(green)) /// 6 "SRIV"
> (line TotCasMeRaA16S00 date, sort lcolor(brown)) /// 7 CSIM (estimated)
> (line TotCaxMeRaA16S00 date, sort lcolor(brown) lpattern(dash)) /// 8 CSIM AVERTED
> (line TotCaYMeRaA16S00 date, sort lcolor(brown) lpattern(tight_dot) lwidth(thick)) /// 9 CSIM COUNTERFACTUAL
> if date >= td(01jan2020) & date <= td(31dec2022) ///
> , xtitle(Date) xlabel(#36, format(%tdYY-NN-DD) labsize(small)) xlabel(, grid) xlabel(, grid) ///
> xlabel(, angle(forty_five)) ylabel(, format(%12.0fc) labsize(small))  ylabel(, labsize(small) angle(horizontal)) ///
> ytitle(Total cases) title("COVID-19 total cases, Iran, reference scenarios", size(medium)) /// 
> xscale(lwidth(vthin) lcolor(gray*.2)) yscale(lwidth(vthin) lcolor(gray*.2)) legend(region(lcolor(none))) legend(bexpand) ///
> legend(order(1 "JOHN" 2 "DELP" 3 "IHME" 4 "IMPE" 5 "LANL" 6 "SRIV" ///
> 7 "CSIM Estimated" 8 "CSIM Averted" 9 "CSIM Counterfactual") size(small) row(2)) ///
> subtitle("  .", size(small) color(white))
{res}{txt}
{com}. 
. graph save "graph 941 COVID-19 total cases, Iran, reference scenarios.gph", replace
{txt}(note: file graph 941 COVID-19 total cases, Iran, reference scenarios.gph not found)
{res}{txt}(file graph 941 COVID-19 total cases, Iran, reference scenarios.gph saved)

{com}. graph export "graph 941 COVID-19 total cases, Iran, reference scenarios.pdf", replace
{txt}(file /Users/farshadpourmalek/Downloads/covir2-main/20210522/code/CSIM/graph 941 COVID-19 total cases, Iran, reference scenarios.pdf written in PDF format)

{com}. 
. 
. 
. 
. 
. * cfr all studies, all time, reference scenarios
. 
. twoway ///
> (line DayCfrMeRaA00S00 date, sort lcolor(cyan) lwidth(vthick) lpattern(tight_dot)) /// 1 "JOHN"
> (line DayCfrMeRaA01S00 date, sort lcolor(red)) /// 2 "DELP"
> (line DayCfrMeRaA02S01 date, sort lcolor(black)) /// 3 "IHME"
> (line DayCfrMeRaA03S02 date, sort lcolor(magenta)) /// 4 "IMPE"
> (line DayCfrMeRaA04S00 date, sort lcolor(gold)) /// 5 "LANL"
> (line DayCfrMeRaA05S00 date, sort lcolor(green)) /// 6 "SRIV"
> (line DayCfrMeRaA16S00 date, sort lcolor(brown)) /// 7 "CSIM"
> if date >= td(01jan2020) & date <= td(01jan2022) ///
> , xtitle(Date) xlabel(#24, format(%tdYY-NN-DD) labsize(small)) xlabel(, grid) xlabel(, grid) ///
> xlabel(, angle(forty_five)) ylabel(, format(%12.0fc) labsize(small))  ylabel(, labsize(small) angle(horizontal)) ///
> ytitle(Daily CFR) title("COVID-19 daily CFR, Iran, reference scenarios", size(medium)) /// 
> xscale(lwidth(vthin) lcolor(gray*.2)) yscale(lwidth(vthin) lcolor(gray*.2)) legend(region(lcolor(none))) legend(bexpand) ///
> legend(order(1 "JOHN" 2 "DELP" 3 "IHME" 4 "IMPE" 5 "LANL" 6 "SRIV" ///
> 7 "CSIM") size(small) row(1)) ///
> subtitle("  .", size(small) color(white))
{res}{txt}
{com}. 
. graph save "graph 951 COVID-19 daily CFR, Iran, reference scenarios.gph", replace
{txt}(note: file graph 951 COVID-19 daily CFR, Iran, reference scenarios.gph not found)
{res}{txt}(file graph 951 COVID-19 daily CFR, Iran, reference scenarios.gph saved)

{com}. graph export "graph 951 COVID-19 daily CFR, Iran, reference scenarios.pdf", replace
{txt}(file /Users/farshadpourmalek/Downloads/covir2-main/20210522/code/CSIM/graph 951 COVID-19 daily CFR, Iran, reference scenarios.pdf written in PDF format)

{com}. 
. 
. 
. * cfr all studies, 2021-01-01 on, reference scenarios
. 
. twoway ///
> (line DayCfrMeRaA00S00 date, sort lcolor(cyan) lwidth(vthick) lpattern(tight_dot)) /// 1 "JOHN"
> (line DayCfrMeRaA01S00 date, sort lcolor(red)) /// 2 "DELP"
> (line DayCfrMeRaA02S01 date, sort lcolor(black)) /// 3 "IHME"
> (line DayCfrMeRaA03S02 date, sort lcolor(magenta)) /// 4 "IMPE"
> (line DayCfrMeRaA04S00 date, sort lcolor(gold)) /// 5 "LANL"
> (line DayCfrMeRaA05S00 date, sort lcolor(green)) /// 6 "SRIV"
> (line DayCfrMeRaA16S00 date, sort lcolor(brown)) /// 7 "CSIM"
> if date >= td(01jan2021) & date <= td(01jan2022) ///
> , xtitle(Date) xlabel(#12, format(%tdYY-NN-DD) labsize(small)) xlabel(, grid) xlabel(, grid) ///
> xlabel(, angle(forty_five)) ylabel(, format(%12.0fc) labsize(small))  ylabel(, labsize(small) angle(horizontal)) ///
> ytitle(Daily CFR) title("COVID-19 daily CFR, Iran, reference scenarios", size(medium)) /// 
> xscale(lwidth(vthin) lcolor(gray*.2)) yscale(lwidth(vthin) lcolor(gray*.2)) legend(region(lcolor(none))) legend(bexpand) ///
> legend(order(1 "JOHN" 2 "DELP" 3 "IHME" 4 "IMPE" 5 "LANL" 6 "SRIV" ///
> 7 "CSIM") size(small) row(1)) ///
> subtitle("after 2021-01-01", size(small))
{res}{txt}
{com}. 
. graph save "graph 952 COVID-19 daily CFR, Iran, reference scenarios, 2021-01-01 on.gph", replace
{txt}(note: file graph 952 COVID-19 daily CFR, Iran, reference scenarios, 2021-01-01 on.gph not found)
{res}{txt}(file graph 952 COVID-19 daily CFR, Iran, reference scenarios, 2021-01-01 on.gph saved)

{com}. graph export "graph 952 COVID-19 daily CFR, Iran, reference scenarios,2021-01-01 on.pdf", replace
{txt}(file /Users/farshadpourmalek/Downloads/covir2-main/20210522/code/CSIM/graph 952 COVID-19 daily CFR, Iran, reference scenarios,2021-01-01 on.pdf written in PDF format)

{com}. 
. 
. 
. 
. * base codes with IHME and IMPE, all hospital-related outcomes + CSIM
. 
. twoway ///
> (line DayHosMeRaA01S00 date, sort lcolor(red)  lwidth(thick)) /// 1 DELP Hospitalized (Daily Cases Active Hospitalized Mean DELP S0)
> (line DayVenMeRaA01S00 date, sort lcolor(red) lpattern(dash)  lwidth(thick)) /// 2 DELP Ventilated (Daily Cases Active Ventilated Mean DELP S0)
> (line DayBedMeSmA02S01 date, sort lcolor(black)) /// 3 IHME Bed need (Daily Beds needed Mean IHME S1)
> (line DayIcuMeSmA02S01 date, sort lcolor(green)) /// 4 IHME ICU need (Daily ICU beds needed Mean IHME S1)
> (line DayAdmMeSmA02S01 date, sort lcolor(yellow)) /// 5 IHME Admissions (Daily hospital admissions Mean IHME S1)
> (line DayIcnMeSmA02S01 date, sort lcolor(blue)) /// 6 IHME ICU new (Daily new people going to ICU Mean IHME S1)
> (line DayHodMeRaA03S01 date, sort lcolor(magenta)) /// 7 IMPE Hosp demand (Daily hospital demand Mean A03 S01 )
> (line DayIcdMeRaA03S01 date, sort lcolor(magenta) lpattern(dash_dot)) /// 8 IMPE ICU demand (Daily ICU demand Mean A03 S01)
> (line DayHosMeRaA16S00 date, sort lcolor(brown)) /// 9 CSIM Hospitalisations
> (line DayIciMeRaA16S00 date, sort lcolor(brown) lpattern(dash_dot)) /// 10 CSIM Critical care
> if date >= td(01jan2020) & date <= td(01jan2022) ///
> , xtitle(Date) xlabel(#24, format(%tdYY-NN-DD) labsize(small)) xlabel(, grid) xlabel(, grid) ///
> xlabel(, angle(forty_five)) ylabel(, format(%9.0fc) labsize(small))  ylabel(, labsize(small) angle(horizontal)) ///
> ytitle(Daily outcomes) title("COVID-19 daily hospital-related outcomes Iran, median scenarios", size(medium)) ///
> xscale(lwidth(vthin) lcolor(gray*.2)) yscale(lwidth(vthin) lcolor(gray*.2)) legend(region(lcolor(none))) legend(bexpand) ///
> legend(order(1 "DELP Hospitalized" 2 "DELP Ventilated" 3 "IHME Bed need" 4 "IHME ICU need" ///
> 5 "IHME Admissions" 6 "IHME ICU new" 7 "IMPE Hosp demand" ///
> 8 "IMPE ICU demand" 9 "CSIM Hospitalisations" 10 "CSIM Critical care") rows(4) size(small)) ///
> subtitle("  .", size(small) color(white))
{res}{txt}
{com}. 
. graph save "graph 971 COVID-19 hospital-related outcomes.gph", replace
{txt}(note: file graph 971 COVID-19 hospital-related outcomes.gph not found)
{res}{txt}(file graph 971 COVID-19 hospital-related outcomes.gph saved)

{com}. graph export "graph 971 COVID-19 hospital-related outcomes.pdf", replace
{txt}(file /Users/farshadpourmalek/Downloads/covir2-main/20210522/code/CSIM/graph 971 COVID-19 hospital-related outcomes.pdf written in PDF format)

{com}. 
. 
. 
. 
. * daily hospital-related outcomes, DELP, IHME, IMPE, wo IHME Bed need, IMPE Hosp demand, 2020-12-01 on + CSIM
. 
. twoway ///
> (line DayHosMeRaA01S00 date, sort lcolor(red)  lwidth(thick)) /// 1 DELP Hospitalized (Daily Cases Active Hospitalized Mean DELP S0)
> (line DayVenMeRaA01S00 date, sort lcolor(red) lpattern(dash)  lwidth(thick)) /// 2 DELP Ventilated (Daily Cases Active Ventilated Mean DELP S0)
> (line DayIcuMeSmA02S01 date, sort lcolor(green)) /// 3 IHME ICU need (Daily ICU beds needed Mean IHME S1)
> (line DayAdmMeSmA02S01 date, sort lcolor(yellow)) /// 4 IHME Admissions (Daily hospital admissions Mean IHME S1)
> (line DayIcnMeSmA02S01 date, sort lcolor(blue)) /// 5 IHME ICU new (Daily new people going to ICU Mean IHME S1)
> (line DayIcdMeRaA03S01 date, sort lcolor(magenta) lpattern(dash_dot)) /// 6 IMPE ICU demand (Daily ICU demand Mean A03 S01)
> (line DayHosMeRaA16S00 date, sort lcolor(brown)) /// 7 CSIM Hospitalisations
> (line DayIciMeRaA16S00 date, sort lcolor(brown) lpattern(dash_dot)) /// 8 CSIM Critical care
> if date >= td(21apr2021) & date <= td(23Sep2021) ///
> , xtitle(Date) xlabel(#8, format(%tdYY-NN-DD) labsize(small)) xlabel(, grid) xlabel(, grid) ///
> xlabel(, angle(forty_five)) ylabel(, format(%9.0fc) labsize(small))  ylabel(, labsize(small) angle(horizontal)) ///
> ytitle(Daily outcomes) title("COVID-19 daily hospital-related outcomes Iran, median scenarios", size(medium)) ///
> xscale(lwidth(vthin) lcolor(gray*.2)) yscale(lwidth(vthin) lcolor(gray*.2)) legend(region(lcolor(none))) legend(bexpand) ///
> legend(order(1 "DELP Hospitalized" 2 "DELP Ventilated" 3 "IHME ICU need" ///
> 4 "IHME Admissions" 5 "IHME ICU new" 6 "IMPE ICU demand" 7 "CSIM Hospitalisations" 8 "CSIM Critical care") rows(3) size(small)) ///
> subtitle("after Ordibehesht 1400, without IHME Bed need, IMPE Hosp demand", size(small))
{res}{txt}
{com}. 
. graph save "graph 974 COVID-19 hospital-related outcomes, wo extremes, Ordibehesht 1400 on.gph", replace
{txt}(note: file graph 974 COVID-19 hospital-related outcomes, wo extremes, Ordibehesht 1400 on.gph not found)
{res}{txt}(file graph 974 COVID-19 hospital-related outcomes, wo extremes, Ordibehesht 1400 on.gph saved)

{com}. graph export "graph 974 COVID-19 hospital-related outcomes, wo extremes, Ordibehesht 1400 on.pdf", replace
{txt}(file /Users/farshadpourmalek/Downloads/covir2-main/20210522/code/CSIM/graph 974 COVID-19 hospital-related outcomes, wo extremes, Ordibehesht 1400 on.pdf written in PDF format)

{com}. 
. 
. 
. 
. 
. view "log Iran CSIM.smcl"
{txt}
{com}. 
. log close
      {txt}name:  {res}<unnamed>
       {txt}log:  {res}/Users/farshadpourmalek/Downloads/covir2-main/20210522/code/CSIM/log Iran CSIM.smcl
  {txt}log type:  {res}smcl
 {txt}closed on:  {res}28 May 2021, 09:03:43
{txt}{.-}
{smcl}
{txt}{sf}{ul off}